\BOOKMARK [2][]{Outline0.1}{Encuadre \(2025-02-04\)}{}% 1
\BOOKMARK [2][]{Outline0.2}{Introducci\363n y generalidades \(2025-02-06\)}{}% 2
\BOOKMARK [2][]{Outline0.3}{La plataforma ROS \(2025-02-11\)}{}% 3
\BOOKMARK [2][]{Outline0.4}{Representaci\363n del ambiente \(2025-02-13\)}{}% 4
\BOOKMARK [2][]{Outline0.5}{Planeaci\363n de rutas \(2025-02-18\)}{}% 5
\BOOKMARK [2][]{Outline0.6}{Planeaci\363n de rutas mediante RRT \(2025-02-18\)}{}% 6
\BOOKMARK [2][]{Outline0.7}{Planeaci\363n de rutas mediante A* \(2025-02-20\)}{}% 7
\BOOKMARK [2][]{Outline0.8}{Modelos cinem\341ticos \(2025-02-25\)}{}% 8
\BOOKMARK [2][]{Outline0.9}{Seguimiento de rutas \(2025-02-27\)}{}% 9
\BOOKMARK [2][]{Outline0.10}{Suavizado de rutas \(2025-03-04\)}{}% 10
\BOOKMARK [2][]{Outline0.11}{Suavizado de rutas \(2025-03-06\)}{}% 11
\BOOKMARK [2][]{Outline0.12}{Evasi\363n de obst\341culos \(2025-03-11\)}{}% 12
\BOOKMARK [2][]{Outline0.13}{Localizaci\363n \(2025-03-13\)}{}% 13
\BOOKMARK [2][]{Outline0.14}{Filtro de Part\355culas \(2025-03-18\)}{}% 14
\BOOKMARK [2][]{Outline0.15}{Implementaci\363n de un filtro de part\355culas \(2025-03-18\)}{}% 15
\BOOKMARK [2][]{Outline0.16}{Conceptos de visi\363n computacional \(2025-03-20\)}{}% 16
\BOOKMARK [2][]{Outline0.17}{Formas geom\351tricas \(2025-03-25\)}{}% 17
\BOOKMARK [2][]{Outline0.18}{Manipulaci\363n \(2023-05-04\)}{}% 18
\BOOKMARK [2][]{Outline0.19}{Manipulaci\363n \(2023-05-09\)}{}% 19
\BOOKMARK [2][]{Outline0.20}{Manipulaci\363n \(2023-05-11\)}{}% 20
\BOOKMARK [2][]{Outline0.21}{Manipulaci\363n \(2023-05-16\)}{}% 21
\BOOKMARK [2][]{Outline0.22}{Manipulaci\363n \(2023-05-18\)}{}% 22
\BOOKMARK [2][]{Outline0.23}{Redes neuronales \(2025-03-27\)}{}% 23
\BOOKMARK [2][]{Outline0.24}{Redes neuronales \(2025-04-01\)}{}% 24
\BOOKMARK [2][]{Outline0.25}{Redes neuronales \(2025-04-03\)}{}% 25
\BOOKMARK [2][]{Outline0.26}{Herramientas para HRI}{}% 26
\BOOKMARK [2][]{Outline0.27}{Proyecto final}{}% 27
